<h2>hi</h2>
<h4>there</h4>
<pre class="hljs"><code><span class="hljs-keyword">const</span> js = <span class="hljs-number">42</span>;
 </code></pre>
