<h2>hi</h2>
<h4>there</h4>
<pre><code class="language-js"><span class="hljs-keyword">const</span> js = <span class="hljs-number">42</span>;
</code></pre>

<h2>hi</h2>
<h4>there</h4>
<pre><code class="language-js"><span class="hljs-keyword">const</span> js = <span class="hljs-number">42</span>;
<span class="hljs-built_in">console</span>.log(js);
</code></pre>
